// Jest Snapshot v1, https://goo.gl/fbAQLP

exports[`Active Page shallow renders 1`] = `
<ChartPage
  data={
    Array [
      Array [
        "1",
        8400000000,
      ],
      Array [
        "2",
        2856000000,
      ],
      Array [
        "3",
        1428000000,
      ],
      Array [
        "4",
        1260000000,
      ],
      Array [
        "5",
        840000000,
      ],
      Array [
        "6",
        672000000,
      ],
      Array [
        "7",
        670735037,
      ],
      Array [
        "8",
        560112000,
      ],
      Array [
        "9",
        420000000,
      ],
      Array [
        "10",
        403208642,
      ],
      Array [
        "11",
        364000000,
      ],
      Array [
        "12",
        279888000,
      ],
      Array [
        "13",
        245495538,
      ],
      Array [
        "14",
        241648320,
      ],
      Array [
        "15",
        224000100,
      ],
      Array [
        "16",
        224000000,
      ],
      Array [
        "17",
        221328591.2841,
      ],
      Array [
        "18",
        220999999.99998608,
      ],
      Array [
        "19",
        203007430.58852005,
      ],
      Array [
        "20",
        182887603,
      ],
      Array [
        "21",
        182000000,
      ],
      Array [
        "22",
        174600091.37242395,
      ],
      Array [
        "23",
        167234908,
      ],
      Array [
        "24",
        155988493.69991648,
      ],
      Array [
        "25",
        140015087.57900637,
      ],
      Array [
        "26",
        133134937.91002283,
      ],
      Array [
        "27",
        132296628,
      ],
      Array [
        "28",
        130938202,
      ],
      Array [
        "29",
        125791095.89,
      ],
      Array [
        "30",
        124999000,
      ],
      Array [
        "31",
        120824160,
      ],
      Array [
        "32",
        120751680,
      ],
      Array [
        "33",
        117299433.344,
      ],
      Array [
        "34",
        114323376.99749,
      ],
      Array [
        "35",
        112000000,
      ],
      Array [
        "36",
        112000000,
      ],
      Array [
        "37",
        112000000,
      ],
      Array [
        "38",
        111999999.99997726,
      ],
      Array [
        "39",
        111438743.32365961,
      ],
      Array [
        "40",
        110000000,
      ],
      Array [
        "41",
        108663000,
      ],
      Array [
        "42",
        103000771,
      ],
      Array [
        "43",
        100820160,
      ],
      Array [
        "44",
        100820160,
      ],
      Array [
        "45",
        100689717,
      ],
      Array [
        "46",
        100000000,
      ],
      Array [
        "47",
        100000000,
      ],
      Array [
        "48",
        96587450,
      ],
      Array [
        "49",
        92086759.09864514,
      ],
      Array [
        "50",
        91845542.58,
      ],
    ]
  }
  description="The first 50 addresses that have the most amount of CKB."
  title="Balance Ranking"
>
  <AddressBalanceRankChart
    clickEvent={[Function]}
  />
</ChartPage>
`;

exports[`Active Page shallow renders with empty data 1`] = `
<div
  className="sc-kfYoZR hwkjfX"
>
  <div
    className="sc-gtsrHT ceFuCY container"
  >
    <div
      className="chart__detail__title__panel"
    >
      <span>
        Balance Ranking
      </span>
      <img
        alt="chart help"
        onMouseEnter={[Function]}
        onMouseLeave={[Function]}
        src="qa_help.png"
      />
    </div>
  </div>
  <div
    className="sc-bdnxRM kIEqkD container"
  >
    <div
      className="sc-dlnjwi cUGIXh"
    >
      <div
        className="sc-jSFjdj iRHWkb"
      >
        <img
          alt="loading"
          src="loading.gif"
        />
      </div>
    </div>
  </div>
</div>
`;
