// Jest Snapshot v1, https://goo.gl/fbAQLP

exports[`Active Page shallow renders with empty data 1`] = `
<div
  className="sc-fzqNJr dLfJWR"
>
  <div
    className="sc-fzoiQi ioDjAy container"
  >
    <div
      className="sc-fzqARJ dBcmJI"
    >
      Charts
    </div>
    <div
      className="sc-fzqNqU jkXYJU"
    >
      <div
        className="charts__category__title"
      >
        Block
      </div>
      <div
        className="charts__category__panel"
      >
        <div
          className="sc-fzoyTs dSCrJV"
        >
          <a
            href="/charts/block-time-distribution"
            onClick={[Function]}
          >
            <div
              className="chart__card__title__penal"
            >
              <div
                className="chart__card_title"
              >
                Block Time Distribution
              </div>
              <img
                alt="chart help"
                onMouseEnter={[Function]}
                onMouseLeave={[Function]}
                src="qa_help.png"
              />
            </div>
            <div
              className="chart__card_body"
            >
              <div
                className="sc-fzoXzr jgXlrB"
              >
                <div
                  className="sc-fznWqX LuTJj"
                >
                  <img
                    alt="loading"
                    src="loading.gif"
                  />
                </div>
              </div>
            </div>
          </a>
        </div>
        <div
          className="sc-fzoyTs dSCrJV"
        >
          <a
            href="/charts/epoch-time-distribution"
            onClick={[Function]}
          >
            <div
              className="chart__card__title__penal"
            >
              <div
                className="chart__card_title"
              >
                Epoch Time Distribution
              </div>
              <img
                alt="chart help"
                onMouseEnter={[Function]}
                onMouseLeave={[Function]}
                src="qa_help.png"
              />
            </div>
            <div
              className="chart__card_body"
            >
              <div
                className="sc-fzoXzr jgXlrB"
              >
                <div
                  className="sc-fznWqX LuTJj"
                >
                  <img
                    alt="loading"
                    src="loading.gif"
                  />
                </div>
              </div>
            </div>
          </a>
        </div>
        <div
          className="sc-fzoyTs dSCrJV"
        >
          <a
            href="/charts/average-block-time"
            onClick={[Function]}
          >
            <div
              className="chart__card__title__penal"
            >
              <div
                className="chart__card_title"
              >
                Average Block Time
              </div>
              <img
                alt="chart help"
                onMouseEnter={[Function]}
                onMouseLeave={[Function]}
                src="qa_help.png"
              />
            </div>
            <div
              className="chart__card_body"
            >
              <div
                className="sc-fzoXzr jgXlrB"
              >
                <div
                  className="sc-fznWqX LuTJj"
                >
                  <img
                    alt="loading"
                    src="loading.gif"
                  />
                </div>
              </div>
            </div>
          </a>
        </div>
      </div>
    </div>
    <div
      className="sc-fzqNqU jkXYJU"
    >
      <div
        className="charts__category__title"
      >
        Mining
      </div>
      <div
        className="charts__category__panel"
      >
        <div
          className="sc-fzoyTs dSCrJV"
        >
          <a
            href="/charts/difficulty-hash-rate"
            onClick={[Function]}
          >
            <div
              className="chart__card__title__penal"
            >
              <div
                className="chart__card_title"
              >
                Difficulty & Hash Rate
              </div>
            </div>
            <div
              className="chart__card_body"
            >
              <div
                className="sc-fzoXzr jgXlrB"
              >
                <div
                  className="sc-fznWqX LuTJj"
                >
                  <img
                    alt="loading"
                    src="loading.gif"
                  />
                </div>
              </div>
            </div>
          </a>
        </div>
        <div
          className="sc-fzoyTs dSCrJV"
        >
          <a
            href="/charts/difficulty-uncle-rate"
            onClick={[Function]}
          >
            <div
              className="chart__card__title__penal"
            >
              <div
                className="chart__card_title"
              >
                Difficulty & Uncle Rate & Epoch Time & ...
              </div>
            </div>
            <div
              className="chart__card_body"
            >
              <div
                className="sc-fzoXzr jgXlrB"
              >
                <div
                  className="sc-fznWqX LuTJj"
                >
                  <img
                    alt="loading"
                    src="loading.gif"
                  />
                </div>
              </div>
            </div>
          </a>
        </div>
        <div
          className="sc-fzoyTs dSCrJV"
        >
          <a
            href="/charts/difficulty"
            onClick={[Function]}
          >
            <div
              className="chart__card__title__penal"
            >
              <div
                className="chart__card_title"
              >
                Difficulty
              </div>
            </div>
            <div
              className="chart__card_body"
            >
              <div
                className="sc-fzoXzr jgXlrB"
              >
                <div
                  className="sc-fznWqX LuTJj"
                >
                  <img
                    alt="loading"
                    src="loading.gif"
                  />
                </div>
              </div>
            </div>
          </a>
        </div>
        <div
          className="sc-fzoyTs dSCrJV"
        >
          <a
            href="/charts/hash-rate"
            onClick={[Function]}
          >
            <div
              className="chart__card__title__penal"
            >
              <div
                className="chart__card_title"
              >
                Hash Rate
              </div>
            </div>
            <div
              className="chart__card_body"
            >
              <div
                className="sc-fzoXzr jgXlrB"
              >
                <div
                  className="sc-fznWqX LuTJj"
                >
                  <img
                    alt="loading"
                    src="loading.gif"
                  />
                </div>
              </div>
            </div>
          </a>
        </div>
        <div
          className="sc-fzoyTs dSCrJV"
        >
          <a
            href="/charts/uncle-rate"
            onClick={[Function]}
          >
            <div
              className="chart__card__title__penal"
            >
              <div
                className="chart__card_title"
              >
                Uncle Rate
              </div>
              <img
                alt="chart help"
                onMouseEnter={[Function]}
                onMouseLeave={[Function]}
                src="qa_help.png"
              />
            </div>
            <div
              className="chart__card_body"
            >
              <div
                className="sc-fzoXzr jgXlrB"
              >
                <div
                  className="sc-fznWqX LuTJj"
                >
                  <img
                    alt="loading"
                    src="loading.gif"
                  />
                </div>
              </div>
            </div>
          </a>
        </div>
        <div
          className="sc-fzoyTs dSCrJV"
        >
          <a
            href="/charts/miner-address-distribution"
            onClick={[Function]}
          >
            <div
              className="chart__card__title__penal"
            >
              <div
                className="chart__card_title"
              >
                Top Miners (Recent 7 days)
              </div>
            </div>
            <div
              className="chart__card_body"
            >
              <div
                className="sc-fzoXzr jgXlrB"
              >
                <div
                  className="sc-fznWqX LuTJj"
                >
                  <img
                    alt="loading"
                    src="loading.gif"
                  />
                </div>
              </div>
            </div>
          </a>
        </div>
      </div>
    </div>
    <div
      className="sc-fzqNqU jkXYJU"
    >
      <div
        className="charts__category__title"
      >
        Activities
      </div>
      <div
        className="charts__category__panel"
      >
        <div
          className="sc-fzoyTs dSCrJV"
        >
          <a
            href="/charts/transaction-count"
            onClick={[Function]}
          >
            <div
              className="chart__card__title__penal"
            >
              <div
                className="chart__card_title"
              >
                Transaction Count
              </div>
            </div>
            <div
              className="chart__card_body"
            >
              <div
                className="sc-fzoXzr jgXlrB"
              >
                <div
                  className="sc-fznWqX LuTJj"
                >
                  <img
                    alt="loading"
                    src="loading.gif"
                  />
                </div>
              </div>
            </div>
          </a>
        </div>
        <div
          className="sc-fzoyTs dSCrJV"
        >
          <a
            href="/charts/address-count"
            onClick={[Function]}
          >
            <div
              className="chart__card__title__penal"
            >
              <div
                className="chart__card_title"
              >
                Unique Addresses Used
              </div>
              <img
                alt="chart help"
                onMouseEnter={[Function]}
                onMouseLeave={[Function]}
                src="qa_help.png"
              />
            </div>
            <div
              className="chart__card_body"
            >
              <div
                className="sc-fzoXzr jgXlrB"
              >
                <div
                  className="sc-fznWqX LuTJj"
                >
                  <img
                    alt="loading"
                    src="loading.gif"
                  />
                </div>
              </div>
            </div>
          </a>
        </div>
        <div
          className="sc-fzoyTs dSCrJV"
        >
          <a
            href="/charts/cell-count"
            onClick={[Function]}
          >
            <div
              className="chart__card__title__penal"
            >
              <div
                className="chart__card_title"
              >
                Cell Count
              </div>
            </div>
            <div
              className="chart__card_body"
            >
              <div
                className="sc-fzoXzr jgXlrB"
              >
                <div
                  className="sc-fznWqX LuTJj"
                >
                  <img
                    alt="loading"
                    src="loading.gif"
                  />
                </div>
              </div>
            </div>
          </a>
        </div>
        <div
          className="sc-fzoyTs dSCrJV"
        >
          <a
            href="/charts/address-balance-rank"
            onClick={[Function]}
          >
            <div
              className="chart__card__title__penal"
            >
              <div
                className="chart__card_title"
              >
                Balance Ranking
              </div>
              <img
                alt="chart help"
                onMouseEnter={[Function]}
                onMouseLeave={[Function]}
                src="qa_help.png"
              />
            </div>
            <div
              className="chart__card_body"
            >
              <div
                className="sc-fzoXzr jgXlrB"
              >
                <div
                  className="sc-fznWqX LuTJj"
                >
                  <img
                    alt="loading"
                    src="loading.gif"
                  />
                </div>
              </div>
            </div>
          </a>
        </div>
        <div
          className="sc-fzoyTs dSCrJV"
        >
          <a
            href="/charts/balance-distribution"
            onClick={[Function]}
          >
            <div
              className="chart__card__title__penal"
            >
              <div
                className="chart__card_title"
              >
                Balance Distribution
              </div>
              <img
                alt="chart help"
                onMouseEnter={[Function]}
                onMouseLeave={[Function]}
                src="qa_help.png"
              />
            </div>
            <div
              className="chart__card_body"
            >
              <div
                className="sc-fzoXzr jgXlrB"
              >
                <div
                  className="sc-fznWqX LuTJj"
                >
                  <img
                    alt="loading"
                    src="loading.gif"
                  />
                </div>
              </div>
            </div>
          </a>
        </div>
        <div
          className="sc-fzoyTs dSCrJV"
        >
          <a
            href="/charts/tx-fee-history"
            onClick={[Function]}
          >
            <div
              className="chart__card__title__penal"
            >
              <div
                className="chart__card_title"
              >
                Transaction Fee
              </div>
              <img
                alt="chart help"
                onMouseEnter={[Function]}
                onMouseLeave={[Function]}
                src="qa_help.png"
              />
            </div>
            <div
              className="chart__card_body"
            >
              <div
                className="sc-fzoXzr jgXlrB"
              >
                <div
                  className="sc-fznWqX LuTJj"
                >
                  <img
                    alt="loading"
                    src="loading.gif"
                  />
                </div>
              </div>
            </div>
          </a>
        </div>
      </div>
    </div>
    <div
      className="sc-fzqNqU jkXYJU"
    >
      <div
        className="charts__category__title"
      >
        Nervos DAO
      </div>
      <div
        className="charts__category__panel"
      >
        <div
          className="sc-fzoyTs dSCrJV"
        >
          <a
            href="/charts/total-dao-deposit"
            onClick={[Function]}
          >
            <div
              className="chart__card__title__penal"
            >
              <div
                className="chart__card_title"
              >
                Total Deposit
              </div>
              <img
                alt="chart help"
                onMouseEnter={[Function]}
                onMouseLeave={[Function]}
                src="qa_help.png"
              />
            </div>
            <div
              className="chart__card_body"
            >
              <div
                className="sc-fzoXzr jgXlrB"
              >
                <div
                  className="sc-fznWqX LuTJj"
                >
                  <img
                    alt="loading"
                    src="loading.gif"
                  />
                </div>
              </div>
            </div>
          </a>
        </div>
        <div
          className="sc-fzoyTs dSCrJV"
        >
          <a
            href="/charts/new-dao-deposit"
            onClick={[Function]}
          >
            <div
              className="chart__card__title__penal"
            >
              <div
                className="chart__card_title"
              >
                Daily Deposit
              </div>
            </div>
            <div
              className="chart__card_body"
            >
              <div
                className="sc-fzoXzr jgXlrB"
              >
                <div
                  className="sc-fznWqX LuTJj"
                >
                  <img
                    alt="loading"
                    src="loading.gif"
                  />
                </div>
              </div>
            </div>
          </a>
        </div>
        <div
          className="sc-fzoyTs dSCrJV"
        >
          <a
            href="/charts/circulation-ratio"
            onClick={[Function]}
          >
            <div
              className="chart__card__title__penal"
            >
              <div
                className="chart__card_title"
              >
                Deposit to Circulation Ratio
              </div>
              <img
                alt="chart help"
                onMouseEnter={[Function]}
                onMouseLeave={[Function]}
                src="qa_help.png"
              />
            </div>
            <div
              className="chart__card_body"
            >
              <div
                className="sc-fzoXzr jgXlrB"
              >
                <div
                  className="sc-fznWqX LuTJj"
                >
                  <img
                    alt="loading"
                    src="loading.gif"
                  />
                </div>
              </div>
            </div>
          </a>
        </div>
      </div>
    </div>
    <div
      className="sc-fzqNqU jkXYJU"
    >
      <div
        className="charts__category__title"
      >
        Economic Status
      </div>
      <div
        className="charts__category__panel"
      >
        <div
          className="sc-fzoyTs dSCrJV"
        >
          <a
            href="/charts/total-supply"
            onClick={[Function]}
          >
            <div
              className="chart__card__title__penal"
            >
              <div
                className="chart__card_title"
              >
                Total Supply
              </div>
              <img
                alt="chart help"
                onMouseEnter={[Function]}
                onMouseLeave={[Function]}
                src="qa_help.png"
              />
            </div>
            <div
              className="chart__card_body"
            >
              <div
                className="sc-fzoXzr jgXlrB"
              >
                <div
                  className="sc-fznWqX LuTJj"
                >
                  <img
                    alt="loading"
                    src="loading.gif"
                  />
                </div>
              </div>
            </div>
          </a>
        </div>
        <div
          className="sc-fzoyTs dSCrJV"
        >
          <a
            href="/charts/nominal-apc"
            onClick={[Function]}
          >
            <div
              className="chart__card__title__penal"
            >
              <div
                className="chart__card_title"
              >
                Nominal DAO Compensation Rate
              </div>
              <img
                alt="chart help"
                onMouseEnter={[Function]}
                onMouseLeave={[Function]}
                src="qa_help.png"
              />
            </div>
            <div
              className="chart__card_body"
            >
              <div
                className="sc-fzoXzr jgXlrB"
              >
                <div
                  className="sc-fznWqX LuTJj"
                >
                  <img
                    alt="loading"
                    src="loading.gif"
                  />
                </div>
              </div>
            </div>
          </a>
        </div>
        <div
          className="sc-fzoyTs dSCrJV"
        >
          <a
            href="/charts/secondary-issuance"
            onClick={[Function]}
          >
            <div
              className="chart__card__title__penal"
            >
              <div
                className="chart__card_title"
              >
                Secondary Issuance
              </div>
              <img
                alt="chart help"
                onMouseEnter={[Function]}
                onMouseLeave={[Function]}
                src="qa_help.png"
              />
            </div>
            <div
              className="chart__card_body"
            >
              <div
                className="sc-fzoXzr jgXlrB"
              >
                <div
                  className="sc-fznWqX LuTJj"
                >
                  <img
                    alt="loading"
                    src="loading.gif"
                  />
                </div>
              </div>
            </div>
          </a>
        </div>
        <div
          className="sc-fzoyTs dSCrJV"
        >
          <a
            href="/charts/inflation-rate"
            onClick={[Function]}
          >
            <div
              className="chart__card__title__penal"
            >
              <div
                className="chart__card_title"
              >
                Inflation Rate
              </div>
              <img
                alt="chart help"
                onMouseEnter={[Function]}
                onMouseLeave={[Function]}
                src="qa_help.png"
              />
            </div>
            <div
              className="chart__card_body"
            >
              <div
                className="sc-fzoXzr jgXlrB"
              >
                <div
                  className="sc-fznWqX LuTJj"
                >
                  <img
                    alt="loading"
                    src="loading.gif"
                  />
                </div>
              </div>
            </div>
          </a>
        </div>
        <div
          className="sc-fzoyTs dSCrJV"
        >
          <a
            href="/charts/liquidity"
            onClick={[Function]}
          >
            <div
              className="chart__card__title__penal"
            >
              <div
                className="chart__card_title"
              >
                Liquidity
              </div>
            </div>
            <div
              className="chart__card_body"
            >
              <div
                className="sc-fzoXzr jgXlrB"
              >
                <div
                  className="sc-fznWqX LuTJj"
                >
                  <img
                    alt="loading"
                    src="loading.gif"
                  />
                </div>
              </div>
            </div>
          </a>
        </div>
      </div>
    </div>
  </div>
</div>
`;
