// Jest Snapshot v1, https://goo.gl/fbAQLP

exports[`Content Component shallow renders 1`] = `
<div
  className="sc-fnVZcZ FgJVV"
>
  <div
    className="content__child"
  >
    content
  </div>
</div>
`;
