// Jest Snapshot v1, https://goo.gl/fbAQLP

exports[`Text Component shallow renders 1`] = `
<div
  className="sc-gtsrHT eForCY"
  onMouseEnter={[Function]}
  onMouseLeave={[Function]}
>
  <a
    className="undefined monospace"
    href="/to"
    onClick={[Function]}
  >
    value
  </a>
</div>
`;
